../Drivers/CMSIS/Include/core_cm0plus.h:741:22:__NVIC_EnableIRQ	16	static
../Core/Src/main.c:192:5:main	8	static,ignoring_inline_asm
../Core/Src/main.c:216:6:SysTick_Handler	16	static
../Core/Src/main.c:317:6:TIM22_IRQHandler	32	static,ignoring_inline_asm
../Core/Src/main.c:346:13:clock_init	8	static
../Core/Src/main.c:352:13:gpio_init	8	static
../Core/Src/main.c:396:13:i2c1_init_100k	8	static
../Core/Src/main.c:413:13:tim22_init_keypad_scan	8	static
../Core/Src/main.c:423:13:buzz_timer_init	24	static
../Core/Src/main.c:439:13:set_leds	24	static
../Core/Src/main.c:446:13:buzz_start	8	static
../Core/Src/main.c:447:13:buzz_stop	8	static
../Core/Src/main.c:448:13:buzz_schedule_2	8	static
../Core/Src/main.c:451:13:stepper_apply_phase	24	static
../Core/Src/main.c:472:13:stepper_set_speed_ms	16	static
../Core/Src/main.c:478:13:start_bebida	16	static
../Core/Src/main.c:495:13:apply_phase_outputs	8	static
../Core/Src/main.c:520:13:ui_refresh	120	static
../Core/Src/main.c:576:13:ui_show_time_remaining	88	static
../Core/Src/main.c:599:13:i2c1_write_byte	16	static
../Core/Src/main.c:608:13:lcd_pulse	16	static
../Core/Src/main.c:611:13:lcd_write_nibble	24	static
../Core/Src/main.c:617:13:lcd_cmd	32	static
../Core/Src/main.c:624:13:lcd_data	32	static
../Core/Src/main.c:631:13:lcd_init	32	static
../Core/Src/main.c:648:13:lcd_clear	16	static
../Core/Src/main.c:649:13:lcd_goto	24	static
../Core/Src/main.c:654:13:lcd_puts	16	static
../Core/Src/main.c:655:13:lcd_puts_len	24	static
../Core/Src/main.c:665:13:keypad_drive_row	24	static
../Core/Src/main.c:676:16:keypad_read_cols	16	static
